[2024-06-28T10:16:01.499+0000] {local_task_job_runner.py:120} INFO - ::group::Pre task execution logs
[2024-06-28T10:16:01.526+0000] {taskinstance.py:2076} INFO - Dependencies all met for dep_context=non-requeueable deps ti=<TaskInstance: demo_dag_for_alerting_final.check_previous_run_status scheduled__2024-06-28T10:15:00+00:00 [queued]>
[2024-06-28T10:16:01.537+0000] {taskinstance.py:2076} INFO - Dependencies all met for dep_context=requeueable deps ti=<TaskInstance: demo_dag_for_alerting_final.check_previous_run_status scheduled__2024-06-28T10:15:00+00:00 [queued]>
[2024-06-28T10:16:01.537+0000] {taskinstance.py:2306} INFO - Starting attempt 1 of 6
[2024-06-28T10:16:01.555+0000] {taskinstance.py:2330} INFO - Executing <Task(BranchPythonOperator): check_previous_run_status> on 2024-06-28 10:15:00+00:00
[2024-06-28T10:16:01.562+0000] {warnings.py:110} WARNING - /home/***/.local/lib/python3.12/site-packages/***/task/task_runner/standard_task_runner.py:61: DeprecationWarning: This process (pid=242) is multi-threaded, use of fork() may lead to deadlocks in the child.
  pid = os.fork()

[2024-06-28T10:16:01.563+0000] {standard_task_runner.py:63} INFO - Started process 243 to run task
[2024-06-28T10:16:01.563+0000] {standard_task_runner.py:90} INFO - Running: ['***', 'tasks', 'run', 'demo_dag_for_alerting_final', 'check_previous_run_status', 'scheduled__2024-06-28T10:15:00+00:00', '--job-id', '4976', '--raw', '--subdir', 'DAGS_FOLDER/demo_dag_for_alerting.py', '--cfg-path', '/tmp/tmpj2ygdi4b']
[2024-06-28T10:16:01.564+0000] {standard_task_runner.py:91} INFO - Job 4976: Subtask check_previous_run_status
[2024-06-28T10:16:01.617+0000] {task_command.py:426} INFO - Running <TaskInstance: demo_dag_for_alerting_final.check_previous_run_status scheduled__2024-06-28T10:15:00+00:00 [running]> on host 2552e7b36400
[2024-06-28T10:16:01.730+0000] {taskinstance.py:2648} INFO - Exporting env vars: AIRFLOW_CTX_DAG_OWNER='***' AIRFLOW_CTX_DAG_ID='demo_dag_for_alerting_final' AIRFLOW_CTX_TASK_ID='check_previous_run_status' AIRFLOW_CTX_EXECUTION_DATE='2024-06-28T10:15:00+00:00' AIRFLOW_CTX_TRY_NUMBER='1' AIRFLOW_CTX_DAG_RUN_ID='scheduled__2024-06-28T10:15:00+00:00'
[2024-06-28T10:16:01.731+0000] {taskinstance.py:430} INFO - ::endgroup::
[2024-06-28T10:16:01.747+0000] {baseoperator.py:399} WARNING - BranchPythonOperator.execute cannot be called outside TaskInstance!
[2024-06-28T10:16:01.748+0000] {helper_functions.py:145} INFO - Reading encrypted details from ('/opt/***/dags/postgres_connection.py', '/opt/***/dags/***_api_configuration.py')
[2024-06-28T10:16:01.754+0000] {helper_functions.py:69} ERROR - Failed to decrypt data from /opt/***/dags/***_api_configuration.py: 
[2024-06-28T10:16:01.756+0000] {helper_functions.py:70} ERROR - Traceback (most recent call last):
  File "/home/***/.local/lib/python3.12/site-packages/cryptography/fernet.py", line 117, in _get_unverified_token_data
    data = base64.urlsafe_b64decode(token)
           ^^^^^^^^^^^^^^^^^^^^^^^^^^^^^^^
  File "/usr/local/lib/python3.12/base64.py", line 134, in urlsafe_b64decode
    return b64decode(s)
           ^^^^^^^^^^^^
  File "/usr/local/lib/python3.12/base64.py", line 88, in b64decode
    return binascii.a2b_base64(s, strict_mode=validate)
           ^^^^^^^^^^^^^^^^^^^^^^^^^^^^^^^^^^^^^^^^^^^^
binascii.Error: Incorrect padding

During handling of the above exception, another exception occurred:

Traceback (most recent call last):
  File "/opt/***/dags/helper_functions.py", line 66, in decrypt_data
    decrypted_data = self.fernet.decrypt(encrypted_data)
                     ^^^^^^^^^^^^^^^^^^^^^^^^^^^^^^^^^^^
  File "/home/***/.local/lib/python3.12/site-packages/cryptography/fernet.py", line 86, in decrypt
    timestamp, data = Fernet._get_unverified_token_data(token)
                      ^^^^^^^^^^^^^^^^^^^^^^^^^^^^^^^^^^^^^^^^
  File "/home/***/.local/lib/python3.12/site-packages/cryptography/fernet.py", line 119, in _get_unverified_token_data
    raise InvalidToken
cryptography.fernet.InvalidToken

[2024-06-28T10:16:01.757+0000] {helper_functions.py:148} INFO - Decrypted postgres connection: {'user': '***', 'password': '***', 'dbname': '***', 'host': '172.240.2.2', 'port': '5432'}
[2024-06-28T10:18:17.030+0000] {helper_functions.py:170} ERROR - Failed to run demo_dag_for_alerting_final with task check_previous_run_status: connection to server at "172.240.2.2", port 5432 failed: Connection timed out
	Is the server running on that host and accepting TCP/IP connections?

[2024-06-28T10:18:17.030+0000] {taskinstance.py:441} INFO - ::group::Post task execution logs
[2024-06-28T10:18:17.031+0000] {taskinstance.py:2905} ERROR - Task failed with exception
Traceback (most recent call last):
  File "/opt/airflow/dags/helper_functions.py", line 150, in alert_notif_failure
    conn = psycopg2.connect(
           ^^^^^^^^^^^^^^^^^
  File "/home/airflow/.local/lib/python3.12/site-packages/psycopg2/__init__.py", line 122, in connect
    conn = _connect(dsn, connection_factory=connection_factory, **kwasync)
           ^^^^^^^^^^^^^^^^^^^^^^^^^^^^^^^^^^^^^^^^^^^^^^^^^^^^^^^^^^^^^^^
psycopg2.OperationalError: connection to server at "172.240.2.2", port 5432 failed: Connection timed out
	Is the server running on that host and accepting TCP/IP connections?


During handling of the above exception, another exception occurred:

Traceback (most recent call last):
  File "/home/airflow/.local/lib/python3.12/site-packages/airflow/models/taskinstance.py", line 465, in _execute_task
    result = _execute_callable(context=context, **execute_callable_kwargs)
             ^^^^^^^^^^^^^^^^^^^^^^^^^^^^^^^^^^^^^^^^^^^^^^^^^^^^^^^^^^^^^
  File "/home/airflow/.local/lib/python3.12/site-packages/airflow/models/taskinstance.py", line 432, in _execute_callable
    return execute_callable(context=context, **execute_callable_kwargs)
           ^^^^^^^^^^^^^^^^^^^^^^^^^^^^^^^^^^^^^^^^^^^^^^^^^^^^^^^^^^^^
  File "/home/airflow/.local/lib/python3.12/site-packages/airflow/models/baseoperator.py", line 400, in wrapper
    return func(self, *args, **kwargs)
           ^^^^^^^^^^^^^^^^^^^^^^^^^^^
  File "/home/airflow/.local/lib/python3.12/site-packages/airflow/operators/python.py", line 269, in execute
    return self.do_branch(context, super().execute(context))
                                   ^^^^^^^^^^^^^^^^^^^^^^^^
  File "/home/airflow/.local/lib/python3.12/site-packages/airflow/models/baseoperator.py", line 400, in wrapper
    return func(self, *args, **kwargs)
           ^^^^^^^^^^^^^^^^^^^^^^^^^^^
  File "/home/airflow/.local/lib/python3.12/site-packages/airflow/operators/python.py", line 235, in execute
    return_value = self.execute_callable()
                   ^^^^^^^^^^^^^^^^^^^^^^^
  File "/home/airflow/.local/lib/python3.12/site-packages/airflow/operators/python.py", line 252, in execute_callable
    return self.python_callable(*self.op_args, **self.op_kwargs)
           ^^^^^^^^^^^^^^^^^^^^^^^^^^^^^^^^^^^^^^^^^^^^^^^^^^^^^
  File "/opt/airflow/dags/helper_functions.py", line 173, in alert_notif_failure
    raise AirflowFailException(f"Failed to run {dag_id} with task {task_id}: {e}")
airflow.exceptions.AirflowFailException: Failed to run demo_dag_for_alerting_final with task check_previous_run_status: connection to server at "172.240.2.2", port 5432 failed: Connection timed out
	Is the server running on that host and accepting TCP/IP connections?

[2024-06-28T10:18:17.045+0000] {taskinstance.py:1206} INFO - Immediate failure requested. Marking task as FAILED. dag_id=demo_dag_for_alerting_final, task_id=check_previous_run_status, run_id=scheduled__2024-06-28T10:15:00+00:00, execution_date=20240628T101500, start_date=20240628T101601, end_date=20240628T101817
[2024-06-28T10:18:17.064+0000] {standard_task_runner.py:110} ERROR - Failed to execute job 4976 for task check_previous_run_status (Failed to run demo_dag_for_alerting_final with task check_previous_run_status: connection to server at "172.240.2.2", port 5432 failed: Connection timed out
	Is the server running on that host and accepting TCP/IP connections?
; 243)
[2024-06-28T10:18:17.095+0000] {local_task_job_runner.py:240} INFO - Task exited with return code 1
[2024-06-28T10:18:17.139+0000] {taskinstance.py:3498} INFO - 0 downstream tasks scheduled from follow-on schedule check
[2024-06-28T10:18:17.144+0000] {local_task_job_runner.py:222} INFO - ::endgroup::
