[2024-06-28T05:21:47.272+0000] {local_task_job_runner.py:120} INFO - ::group::Pre task execution logs
[2024-06-28T05:21:47.301+0000] {taskinstance.py:2076} INFO - Dependencies all met for dep_context=non-requeueable deps ti=<TaskInstance: alerting_all_dags_using_apis.get_all_active_dags scheduled__2024-06-28T05:18:00+00:00 [queued]>
[2024-06-28T05:21:47.312+0000] {taskinstance.py:2076} INFO - Dependencies all met for dep_context=requeueable deps ti=<TaskInstance: alerting_all_dags_using_apis.get_all_active_dags scheduled__2024-06-28T05:18:00+00:00 [queued]>
[2024-06-28T05:21:47.312+0000] {taskinstance.py:2306} INFO - Starting attempt 1 of 6
[2024-06-28T05:21:47.331+0000] {taskinstance.py:2330} INFO - Executing <Task(PythonOperator): get_all_active_dags> on 2024-06-28 05:18:00+00:00
[2024-06-28T05:21:47.337+0000] {warnings.py:110} WARNING - /home/***/.local/lib/python3.12/site-packages/***/task/task_runner/standard_task_runner.py:61: DeprecationWarning: This process (pid=6334) is multi-threaded, use of fork() may lead to deadlocks in the child.
  pid = os.fork()

[2024-06-28T05:21:47.338+0000] {standard_task_runner.py:63} INFO - Started process 6335 to run task
[2024-06-28T05:21:47.338+0000] {standard_task_runner.py:90} INFO - Running: ['***', 'tasks', 'run', 'alerting_all_dags_using_apis', 'get_all_active_dags', 'scheduled__2024-06-28T05:18:00+00:00', '--job-id', '4815', '--raw', '--subdir', 'DAGS_FOLDER/alerting_all_dags_using_apis.py', '--cfg-path', '/tmp/tmpu44y62cn']
[2024-06-28T05:21:47.339+0000] {standard_task_runner.py:91} INFO - Job 4815: Subtask get_all_active_dags
[2024-06-28T05:21:47.386+0000] {task_command.py:426} INFO - Running <TaskInstance: alerting_all_dags_using_apis.get_all_active_dags scheduled__2024-06-28T05:18:00+00:00 [running]> on host eeacb89bcfc1
[2024-06-28T05:21:47.489+0000] {taskinstance.py:2648} INFO - Exporting env vars: AIRFLOW_CTX_DAG_OWNER='***' AIRFLOW_CTX_DAG_ID='alerting_all_dags_using_apis' AIRFLOW_CTX_TASK_ID='get_all_active_dags' AIRFLOW_CTX_EXECUTION_DATE='2024-06-28T05:18:00+00:00' AIRFLOW_CTX_TRY_NUMBER='1' AIRFLOW_CTX_DAG_RUN_ID='scheduled__2024-06-28T05:18:00+00:00'
[2024-06-28T05:21:47.489+0000] {taskinstance.py:430} INFO - ::endgroup::
[2024-06-28T05:21:47.511+0000] {helper_functions.py:274} INFO - Requesting {base_url}?only_active=true
[2024-06-28T05:21:47.513+0000] {helper_functions.py:286} ERROR - Failed to get active DAGs: Invalid URL '{base_url}?only_active=true': No scheme supplied. Perhaps you meant https://{base_url}?only_active=true?
[2024-06-28T05:21:47.515+0000] {helper_functions.py:287} ERROR - Traceback (most recent call last):
  File "/opt/***/dags/helper_functions.py", line 275, in get_all_active_dags
    response = requests.get(api_to_get_all_active_dags)
               ^^^^^^^^^^^^^^^^^^^^^^^^^^^^^^^^^^^^^^^^
  File "/home/***/.local/lib/python3.12/site-packages/requests/api.py", line 73, in get
    return request("get", url, params=params, **kwargs)
           ^^^^^^^^^^^^^^^^^^^^^^^^^^^^^^^^^^^^^^^^^^^^
  File "/home/***/.local/lib/python3.12/site-packages/requests/api.py", line 59, in request
    return session.request(method=method, url=url, **kwargs)
           ^^^^^^^^^^^^^^^^^^^^^^^^^^^^^^^^^^^^^^^^^^^^^^^^^
  File "/home/***/.local/lib/python3.12/site-packages/requests/sessions.py", line 575, in request
    prep = self.prepare_request(req)
           ^^^^^^^^^^^^^^^^^^^^^^^^^
  File "/home/***/.local/lib/python3.12/site-packages/requests/sessions.py", line 486, in prepare_request
    p.prepare(
  File "/home/***/.local/lib/python3.12/site-packages/requests/models.py", line 368, in prepare
    self.prepare_url(url, params)
  File "/home/***/.local/lib/python3.12/site-packages/requests/models.py", line 439, in prepare_url
    raise MissingSchema(
requests.exceptions.MissingSchema: Invalid URL '{base_url}?only_active=true': No scheme supplied. Perhaps you meant https://{base_url}?only_active=true?

[2024-06-28T05:21:47.516+0000] {helper_functions.py:226} ERROR - Failed to run alerting_all_dags_using_apis with task get_all_active_dags: Failed to get active DAGs: Invalid URL '{base_url}?only_active=true': No scheme supplied. Perhaps you meant https://{base_url}?only_active=true?
[2024-06-28T05:21:47.516+0000] {taskinstance.py:441} INFO - ::group::Post task execution logs
[2024-06-28T05:21:47.517+0000] {taskinstance.py:2905} ERROR - Task failed with exception
Traceback (most recent call last):
  File "/opt/airflow/dags/helper_functions.py", line 275, in get_all_active_dags
    response = requests.get(api_to_get_all_active_dags)
               ^^^^^^^^^^^^^^^^^^^^^^^^^^^^^^^^^^^^^^^^
  File "/home/airflow/.local/lib/python3.12/site-packages/requests/api.py", line 73, in get
    return request("get", url, params=params, **kwargs)
           ^^^^^^^^^^^^^^^^^^^^^^^^^^^^^^^^^^^^^^^^^^^^
  File "/home/airflow/.local/lib/python3.12/site-packages/requests/api.py", line 59, in request
    return session.request(method=method, url=url, **kwargs)
           ^^^^^^^^^^^^^^^^^^^^^^^^^^^^^^^^^^^^^^^^^^^^^^^^^
  File "/home/airflow/.local/lib/python3.12/site-packages/requests/sessions.py", line 575, in request
    prep = self.prepare_request(req)
           ^^^^^^^^^^^^^^^^^^^^^^^^^
  File "/home/airflow/.local/lib/python3.12/site-packages/requests/sessions.py", line 486, in prepare_request
    p.prepare(
  File "/home/airflow/.local/lib/python3.12/site-packages/requests/models.py", line 368, in prepare
    self.prepare_url(url, params)
  File "/home/airflow/.local/lib/python3.12/site-packages/requests/models.py", line 439, in prepare_url
    raise MissingSchema(
requests.exceptions.MissingSchema: Invalid URL '{base_url}?only_active=true': No scheme supplied. Perhaps you meant https://{base_url}?only_active=true?

During handling of the above exception, another exception occurred:

Traceback (most recent call last):
  File "/opt/airflow/dags/helper_functions.py", line 223, in alert_notif_failure_api
    result = func(**kwargs)
             ^^^^^^^^^^^^^^
  File "/opt/airflow/dags/helper_functions.py", line 288, in get_all_active_dags
    raise AirflowFailException(f"Failed to get active DAGs: {e}")
airflow.exceptions.AirflowFailException: Failed to get active DAGs: Invalid URL '{base_url}?only_active=true': No scheme supplied. Perhaps you meant https://{base_url}?only_active=true?

During handling of the above exception, another exception occurred:

Traceback (most recent call last):
  File "/home/airflow/.local/lib/python3.12/site-packages/airflow/models/taskinstance.py", line 465, in _execute_task
    result = _execute_callable(context=context, **execute_callable_kwargs)
             ^^^^^^^^^^^^^^^^^^^^^^^^^^^^^^^^^^^^^^^^^^^^^^^^^^^^^^^^^^^^^
  File "/home/airflow/.local/lib/python3.12/site-packages/airflow/models/taskinstance.py", line 432, in _execute_callable
    return execute_callable(context=context, **execute_callable_kwargs)
           ^^^^^^^^^^^^^^^^^^^^^^^^^^^^^^^^^^^^^^^^^^^^^^^^^^^^^^^^^^^^
  File "/home/airflow/.local/lib/python3.12/site-packages/airflow/models/baseoperator.py", line 400, in wrapper
    return func(self, *args, **kwargs)
           ^^^^^^^^^^^^^^^^^^^^^^^^^^^
  File "/home/airflow/.local/lib/python3.12/site-packages/airflow/operators/python.py", line 235, in execute
    return_value = self.execute_callable()
                   ^^^^^^^^^^^^^^^^^^^^^^^
  File "/home/airflow/.local/lib/python3.12/site-packages/airflow/operators/python.py", line 252, in execute_callable
    return self.python_callable(*self.op_args, **self.op_kwargs)
           ^^^^^^^^^^^^^^^^^^^^^^^^^^^^^^^^^^^^^^^^^^^^^^^^^^^^^
  File "/opt/airflow/dags/helper_functions.py", line 229, in alert_notif_failure_api
    raise AirflowFailException(f"The DAG {dag_id} is failed because of the TASK {task_id} is failed")
airflow.exceptions.AirflowFailException: The DAG alerting_all_dags_using_apis is failed because of the TASK get_all_active_dags is failed
[2024-06-28T05:21:47.526+0000] {taskinstance.py:1206} INFO - Immediate failure requested. Marking task as FAILED. dag_id=alerting_all_dags_using_apis, task_id=get_all_active_dags, run_id=scheduled__2024-06-28T05:18:00+00:00, execution_date=20240628T051800, start_date=20240628T052147, end_date=20240628T052147
[2024-06-28T05:21:47.545+0000] {standard_task_runner.py:110} ERROR - Failed to execute job 4815 for task get_all_active_dags (The DAG alerting_all_dags_using_apis is failed because of the TASK get_all_active_dags is failed; 6335)
[2024-06-28T05:21:47.592+0000] {local_task_job_runner.py:240} INFO - Task exited with return code 1
[2024-06-28T05:21:47.641+0000] {taskinstance.py:3498} INFO - 0 downstream tasks scheduled from follow-on schedule check
[2024-06-28T05:21:47.652+0000] {local_task_job_runner.py:222} INFO - ::endgroup::
