[2024-06-27T05:52:02.007+0000] {local_task_job_runner.py:120} INFO - ::group::Pre task execution logs
[2024-06-27T05:52:02.039+0000] {taskinstance.py:2076} INFO - Dependencies all met for dep_context=non-requeueable deps ti=<TaskInstance: alerting_all_dags_using_apis.get_all_active_dags manual__2024-06-27T05:52:00.037721+00:00 [queued]>
[2024-06-27T05:52:02.050+0000] {taskinstance.py:2076} INFO - Dependencies all met for dep_context=requeueable deps ti=<TaskInstance: alerting_all_dags_using_apis.get_all_active_dags manual__2024-06-27T05:52:00.037721+00:00 [queued]>
[2024-06-27T05:52:02.050+0000] {taskinstance.py:2306} INFO - Starting attempt 1 of 6
[2024-06-27T05:52:02.068+0000] {taskinstance.py:2330} INFO - Executing <Task(PythonOperator): get_all_active_dags> on 2024-06-27 05:52:00.037721+00:00
[2024-06-27T05:52:02.075+0000] {warnings.py:110} WARNING - /home/***/.local/lib/python3.12/site-packages/***/task/task_runner/standard_task_runner.py:61: DeprecationWarning: This process (pid=1297) is multi-threaded, use of fork() may lead to deadlocks in the child.
  pid = os.fork()

[2024-06-27T05:52:02.076+0000] {standard_task_runner.py:63} INFO - Started process 1298 to run task
[2024-06-27T05:52:02.076+0000] {standard_task_runner.py:90} INFO - Running: ['***', 'tasks', 'run', 'alerting_all_dags_using_apis', 'get_all_active_dags', 'manual__2024-06-27T05:52:00.037721+00:00', '--job-id', '4690', '--raw', '--subdir', 'DAGS_FOLDER/alerting_all_dags_using_apis.py', '--cfg-path', '/tmp/tmp_82gm3w6']
[2024-06-27T05:52:02.077+0000] {standard_task_runner.py:91} INFO - Job 4690: Subtask get_all_active_dags
[2024-06-27T05:52:02.124+0000] {task_command.py:426} INFO - Running <TaskInstance: alerting_all_dags_using_apis.get_all_active_dags manual__2024-06-27T05:52:00.037721+00:00 [running]> on host eeacb89bcfc1
[2024-06-27T05:52:02.222+0000] {taskinstance.py:2648} INFO - Exporting env vars: AIRFLOW_CTX_DAG_OWNER='***' AIRFLOW_CTX_DAG_ID='alerting_all_dags_using_apis' AIRFLOW_CTX_TASK_ID='get_all_active_dags' AIRFLOW_CTX_EXECUTION_DATE='2024-06-27T05:52:00.037721+00:00' AIRFLOW_CTX_TRY_NUMBER='1' AIRFLOW_CTX_DAG_RUN_ID='manual__2024-06-27T05:52:00.037721+00:00'
[2024-06-27T05:52:02.223+0000] {taskinstance.py:430} INFO - ::endgroup::
[2024-06-27T05:52:02.242+0000] {helper_functions.py:256} INFO - Requesting http://***:***@172.240.2.5:8080/api/v1/dags?only_active=truefdg
[2024-06-27T05:52:02.248+0000] {helper_functions.py:259} ERROR - Received status code 400 from http://***:***@172.240.2.5:8080/api/v1/dags?only_active=truefdg
[2024-06-27T05:52:02.248+0000] {helper_functions.py:268} ERROR - Failed to get active DAGs: Failed to get active DAGs, status code: 400
Traceback (most recent call last):
  File "/opt/airflow/dags/helper_functions.py", line 260, in get_all_active_dags
    raise AirflowFailException(f"Failed to get active DAGs, status code: {response.status_code}")
airflow.exceptions.AirflowFailException: Failed to get active DAGs, status code: 400
[2024-06-27T05:52:02.249+0000] {helper_functions.py:211} ERROR - Failed to run alerting_all_dags_using_apis with task get_all_active_dags: Failed to get active DAGs: Failed to get active DAGs, status code: 400
[2024-06-27T05:52:02.249+0000] {taskinstance.py:441} INFO - ::group::Post task execution logs
[2024-06-27T05:52:02.250+0000] {taskinstance.py:2905} ERROR - Task failed with exception
Traceback (most recent call last):
  File "/opt/airflow/dags/helper_functions.py", line 260, in get_all_active_dags
    raise AirflowFailException(f"Failed to get active DAGs, status code: {response.status_code}")
airflow.exceptions.AirflowFailException: Failed to get active DAGs, status code: 400

During handling of the above exception, another exception occurred:

Traceback (most recent call last):
  File "/opt/airflow/dags/helper_functions.py", line 208, in alert_notif_failure_api
    result = func(**kwargs)
             ^^^^^^^^^^^^^^
  File "/opt/airflow/dags/helper_functions.py", line 269, in get_all_active_dags
    raise AirflowFailException(f"Failed to get active DAGs: {e}")
airflow.exceptions.AirflowFailException: Failed to get active DAGs: Failed to get active DAGs, status code: 400

During handling of the above exception, another exception occurred:

Traceback (most recent call last):
  File "/home/airflow/.local/lib/python3.12/site-packages/airflow/models/taskinstance.py", line 465, in _execute_task
    result = _execute_callable(context=context, **execute_callable_kwargs)
             ^^^^^^^^^^^^^^^^^^^^^^^^^^^^^^^^^^^^^^^^^^^^^^^^^^^^^^^^^^^^^
  File "/home/airflow/.local/lib/python3.12/site-packages/airflow/models/taskinstance.py", line 432, in _execute_callable
    return execute_callable(context=context, **execute_callable_kwargs)
           ^^^^^^^^^^^^^^^^^^^^^^^^^^^^^^^^^^^^^^^^^^^^^^^^^^^^^^^^^^^^
  File "/home/airflow/.local/lib/python3.12/site-packages/airflow/models/baseoperator.py", line 400, in wrapper
    return func(self, *args, **kwargs)
           ^^^^^^^^^^^^^^^^^^^^^^^^^^^
  File "/home/airflow/.local/lib/python3.12/site-packages/airflow/operators/python.py", line 235, in execute
    return_value = self.execute_callable()
                   ^^^^^^^^^^^^^^^^^^^^^^^
  File "/home/airflow/.local/lib/python3.12/site-packages/airflow/operators/python.py", line 252, in execute_callable
    return self.python_callable(*self.op_args, **self.op_kwargs)
           ^^^^^^^^^^^^^^^^^^^^^^^^^^^^^^^^^^^^^^^^^^^^^^^^^^^^^
  File "/opt/airflow/dags/helper_functions.py", line 214, in alert_notif_failure_api
    raise AirflowFailException(f"The DAG {dag_id} is failed because of the TASK {task_id} is failed")
airflow.exceptions.AirflowFailException: The DAG alerting_all_dags_using_apis is failed because of the TASK get_all_active_dags is failed
[2024-06-27T05:52:02.261+0000] {taskinstance.py:1206} INFO - Immediate failure requested. Marking task as FAILED. dag_id=alerting_all_dags_using_apis, task_id=get_all_active_dags, run_id=manual__2024-06-27T05:52:00.037721+00:00, execution_date=20240627T055200, start_date=20240627T055202, end_date=20240627T055202
[2024-06-27T05:52:02.281+0000] {standard_task_runner.py:110} ERROR - Failed to execute job 4690 for task get_all_active_dags (The DAG alerting_all_dags_using_apis is failed because of the TASK get_all_active_dags is failed; 1298)
[2024-06-27T05:52:02.330+0000] {local_task_job_runner.py:240} INFO - Task exited with return code 1
[2024-06-27T05:52:02.391+0000] {taskinstance.py:3498} INFO - 0 downstream tasks scheduled from follow-on schedule check
[2024-06-27T05:52:02.395+0000] {local_task_job_runner.py:222} INFO - ::endgroup::
