[2024-06-28T10:17:02.538+0000] {local_task_job_runner.py:120} INFO - ::group::Pre task execution logs
[2024-06-28T10:17:02.571+0000] {taskinstance.py:2076} INFO - Dependencies all met for dep_context=non-requeueable deps ti=<TaskInstance: demo_dag_for_alerting_final.check_previous_run_status scheduled__2024-06-28T10:16:00+00:00 [queued]>
[2024-06-28T10:17:02.583+0000] {taskinstance.py:2076} INFO - Dependencies all met for dep_context=requeueable deps ti=<TaskInstance: demo_dag_for_alerting_final.check_previous_run_status scheduled__2024-06-28T10:16:00+00:00 [queued]>
[2024-06-28T10:17:02.583+0000] {taskinstance.py:2306} INFO - Starting attempt 1 of 6
[2024-06-28T10:17:02.605+0000] {taskinstance.py:2330} INFO - Executing <Task(BranchPythonOperator): check_previous_run_status> on 2024-06-28 10:16:00+00:00
[2024-06-28T10:17:02.612+0000] {warnings.py:110} WARNING - /home/***/.local/lib/python3.12/site-packages/***/task/task_runner/standard_task_runner.py:61: DeprecationWarning: This process (pid=264) is multi-threaded, use of fork() may lead to deadlocks in the child.
  pid = os.fork()

[2024-06-28T10:17:02.613+0000] {standard_task_runner.py:63} INFO - Started process 266 to run task
[2024-06-28T10:17:02.613+0000] {standard_task_runner.py:90} INFO - Running: ['***', 'tasks', 'run', 'demo_dag_for_alerting_final', 'check_previous_run_status', 'scheduled__2024-06-28T10:16:00+00:00', '--job-id', '4980', '--raw', '--subdir', 'DAGS_FOLDER/demo_dag_for_alerting.py', '--cfg-path', '/tmp/tmplld_jy8u']
[2024-06-28T10:17:02.614+0000] {standard_task_runner.py:91} INFO - Job 4980: Subtask check_previous_run_status
[2024-06-28T10:17:02.663+0000] {task_command.py:426} INFO - Running <TaskInstance: demo_dag_for_alerting_final.check_previous_run_status scheduled__2024-06-28T10:16:00+00:00 [running]> on host 2552e7b36400
[2024-06-28T10:17:02.776+0000] {taskinstance.py:2648} INFO - Exporting env vars: AIRFLOW_CTX_DAG_OWNER='***' AIRFLOW_CTX_DAG_ID='demo_dag_for_alerting_final' AIRFLOW_CTX_TASK_ID='check_previous_run_status' AIRFLOW_CTX_EXECUTION_DATE='2024-06-28T10:16:00+00:00' AIRFLOW_CTX_TRY_NUMBER='1' AIRFLOW_CTX_DAG_RUN_ID='scheduled__2024-06-28T10:16:00+00:00'
[2024-06-28T10:17:02.776+0000] {taskinstance.py:430} INFO - ::endgroup::
[2024-06-28T10:17:02.793+0000] {baseoperator.py:399} WARNING - BranchPythonOperator.execute cannot be called outside TaskInstance!
[2024-06-28T10:17:02.793+0000] {helper_functions.py:145} INFO - Reading encrypted details from ('/opt/***/dags/postgres_connection.py', '/opt/***/dags/***_api_configuration.py')
[2024-06-28T10:17:02.794+0000] {helper_functions.py:69} ERROR - Failed to decrypt data from /opt/***/dags/postgres_connection.py: 
[2024-06-28T10:17:02.796+0000] {helper_functions.py:70} ERROR - Traceback (most recent call last):
  File "/home/***/.local/lib/python3.12/site-packages/cryptography/fernet.py", line 117, in _get_unverified_token_data
    data = base64.urlsafe_b64decode(token)
           ^^^^^^^^^^^^^^^^^^^^^^^^^^^^^^^
  File "/usr/local/lib/python3.12/base64.py", line 134, in urlsafe_b64decode
    return b64decode(s)
           ^^^^^^^^^^^^
  File "/usr/local/lib/python3.12/base64.py", line 88, in b64decode
    return binascii.a2b_base64(s, strict_mode=validate)
           ^^^^^^^^^^^^^^^^^^^^^^^^^^^^^^^^^^^^^^^^^^^^
binascii.Error: Incorrect padding

During handling of the above exception, another exception occurred:

Traceback (most recent call last):
  File "/opt/***/dags/helper_functions.py", line 66, in decrypt_data
    decrypted_data = self.fernet.decrypt(encrypted_data)
                     ^^^^^^^^^^^^^^^^^^^^^^^^^^^^^^^^^^^
  File "/home/***/.local/lib/python3.12/site-packages/cryptography/fernet.py", line 86, in decrypt
    timestamp, data = Fernet._get_unverified_token_data(token)
                      ^^^^^^^^^^^^^^^^^^^^^^^^^^^^^^^^^^^^^^^^
  File "/home/***/.local/lib/python3.12/site-packages/cryptography/fernet.py", line 119, in _get_unverified_token_data
    raise InvalidToken
cryptography.fernet.InvalidToken

[2024-06-28T10:17:02.796+0000] {helper_functions.py:69} ERROR - Failed to decrypt data from /opt/***/dags/***_api_configuration.py: 
[2024-06-28T10:17:02.797+0000] {helper_functions.py:70} ERROR - Traceback (most recent call last):
  File "/home/***/.local/lib/python3.12/site-packages/cryptography/fernet.py", line 117, in _get_unverified_token_data
    data = base64.urlsafe_b64decode(token)
           ^^^^^^^^^^^^^^^^^^^^^^^^^^^^^^^
  File "/usr/local/lib/python3.12/base64.py", line 134, in urlsafe_b64decode
    return b64decode(s)
           ^^^^^^^^^^^^
  File "/usr/local/lib/python3.12/base64.py", line 88, in b64decode
    return binascii.a2b_base64(s, strict_mode=validate)
           ^^^^^^^^^^^^^^^^^^^^^^^^^^^^^^^^^^^^^^^^^^^^
binascii.Error: Incorrect padding

During handling of the above exception, another exception occurred:

Traceback (most recent call last):
  File "/opt/***/dags/helper_functions.py", line 66, in decrypt_data
    decrypted_data = self.fernet.decrypt(encrypted_data)
                     ^^^^^^^^^^^^^^^^^^^^^^^^^^^^^^^^^^^
  File "/home/***/.local/lib/python3.12/site-packages/cryptography/fernet.py", line 86, in decrypt
    timestamp, data = Fernet._get_unverified_token_data(token)
                      ^^^^^^^^^^^^^^^^^^^^^^^^^^^^^^^^^^^^^^^^
  File "/home/***/.local/lib/python3.12/site-packages/cryptography/fernet.py", line 119, in _get_unverified_token_data
    raise InvalidToken
cryptography.fernet.InvalidToken

[2024-06-28T10:17:02.797+0000] {helper_functions.py:148} INFO - Decrypted postgres connection: None
[2024-06-28T10:17:02.798+0000] {helper_functions.py:170} ERROR - Failed to run demo_dag_for_alerting_final with task check_previous_run_status: 'NoneType' object is not subscriptable
[2024-06-28T10:17:02.798+0000] {taskinstance.py:441} INFO - ::group::Post task execution logs
[2024-06-28T10:17:02.798+0000] {taskinstance.py:2905} ERROR - Task failed with exception
Traceback (most recent call last):
  File "/opt/airflow/dags/helper_functions.py", line 151, in alert_notif_failure
    user=postgres_conn["user"],
         ~~~~~~~~~~~~~^^^^^^^^
TypeError: 'NoneType' object is not subscriptable

During handling of the above exception, another exception occurred:

Traceback (most recent call last):
  File "/home/airflow/.local/lib/python3.12/site-packages/airflow/models/taskinstance.py", line 465, in _execute_task
    result = _execute_callable(context=context, **execute_callable_kwargs)
             ^^^^^^^^^^^^^^^^^^^^^^^^^^^^^^^^^^^^^^^^^^^^^^^^^^^^^^^^^^^^^
  File "/home/airflow/.local/lib/python3.12/site-packages/airflow/models/taskinstance.py", line 432, in _execute_callable
    return execute_callable(context=context, **execute_callable_kwargs)
           ^^^^^^^^^^^^^^^^^^^^^^^^^^^^^^^^^^^^^^^^^^^^^^^^^^^^^^^^^^^^
  File "/home/airflow/.local/lib/python3.12/site-packages/airflow/models/baseoperator.py", line 400, in wrapper
    return func(self, *args, **kwargs)
           ^^^^^^^^^^^^^^^^^^^^^^^^^^^
  File "/home/airflow/.local/lib/python3.12/site-packages/airflow/operators/python.py", line 269, in execute
    return self.do_branch(context, super().execute(context))
                                   ^^^^^^^^^^^^^^^^^^^^^^^^
  File "/home/airflow/.local/lib/python3.12/site-packages/airflow/models/baseoperator.py", line 400, in wrapper
    return func(self, *args, **kwargs)
           ^^^^^^^^^^^^^^^^^^^^^^^^^^^
  File "/home/airflow/.local/lib/python3.12/site-packages/airflow/operators/python.py", line 235, in execute
    return_value = self.execute_callable()
                   ^^^^^^^^^^^^^^^^^^^^^^^
  File "/home/airflow/.local/lib/python3.12/site-packages/airflow/operators/python.py", line 252, in execute_callable
    return self.python_callable(*self.op_args, **self.op_kwargs)
           ^^^^^^^^^^^^^^^^^^^^^^^^^^^^^^^^^^^^^^^^^^^^^^^^^^^^^
  File "/opt/airflow/dags/helper_functions.py", line 173, in alert_notif_failure
    raise AirflowFailException(f"Failed to run {dag_id} with task {task_id}: {e}")
airflow.exceptions.AirflowFailException: Failed to run demo_dag_for_alerting_final with task check_previous_run_status: 'NoneType' object is not subscriptable
[2024-06-28T10:17:02.811+0000] {taskinstance.py:1206} INFO - Immediate failure requested. Marking task as FAILED. dag_id=demo_dag_for_alerting_final, task_id=check_previous_run_status, run_id=scheduled__2024-06-28T10:16:00+00:00, execution_date=20240628T101600, start_date=20240628T101702, end_date=20240628T101702
[2024-06-28T10:17:02.826+0000] {standard_task_runner.py:110} ERROR - Failed to execute job 4980 for task check_previous_run_status (Failed to run demo_dag_for_alerting_final with task check_previous_run_status: 'NoneType' object is not subscriptable; 266)
[2024-06-28T10:17:02.866+0000] {local_task_job_runner.py:240} INFO - Task exited with return code 1
[2024-06-28T10:17:02.903+0000] {taskinstance.py:3498} INFO - 0 downstream tasks scheduled from follow-on schedule check
[2024-06-28T10:17:02.908+0000] {local_task_job_runner.py:222} INFO - ::endgroup::
