[2024-06-28T10:16:06.010+0000] {local_task_job_runner.py:120} INFO - ::group::Pre task execution logs
[2024-06-28T10:16:06.037+0000] {taskinstance.py:2076} INFO - Dependencies all met for dep_context=non-requeueable deps ti=<TaskInstance: demo_dag_for_alerting_apis_final.skipped_due_to_data_unavailability scheduled__2024-06-28T10:15:00+00:00 [queued]>
[2024-06-28T10:16:06.049+0000] {taskinstance.py:2076} INFO - Dependencies all met for dep_context=requeueable deps ti=<TaskInstance: demo_dag_for_alerting_apis_final.skipped_due_to_data_unavailability scheduled__2024-06-28T10:15:00+00:00 [queued]>
[2024-06-28T10:16:06.050+0000] {taskinstance.py:2306} INFO - Starting attempt 1 of 6
[2024-06-28T10:16:06.063+0000] {taskinstance.py:2330} INFO - Executing <Task(PythonOperator): skipped_due_to_data_unavailability> on 2024-06-28 10:15:00+00:00
[2024-06-28T10:16:06.068+0000] {warnings.py:110} WARNING - /home/***/.local/lib/python3.12/site-packages/***/task/task_runner/standard_task_runner.py:61: DeprecationWarning: This process (pid=247) is multi-threaded, use of fork() may lead to deadlocks in the child.
  pid = os.fork()

[2024-06-28T10:16:06.070+0000] {standard_task_runner.py:63} INFO - Started process 248 to run task
[2024-06-28T10:16:06.070+0000] {standard_task_runner.py:90} INFO - Running: ['***', 'tasks', 'run', 'demo_dag_for_alerting_apis_final', 'skipped_due_to_data_unavailability', 'scheduled__2024-06-28T10:15:00+00:00', '--job-id', '4979', '--raw', '--subdir', 'DAGS_FOLDER/demo_dag_for_alerting_apis.py', '--cfg-path', '/tmp/tmp0s5imdmn']
[2024-06-28T10:16:06.071+0000] {standard_task_runner.py:91} INFO - Job 4979: Subtask skipped_due_to_data_unavailability
[2024-06-28T10:16:06.112+0000] {task_command.py:426} INFO - Running <TaskInstance: demo_dag_for_alerting_apis_final.skipped_due_to_data_unavailability scheduled__2024-06-28T10:15:00+00:00 [running]> on host 2552e7b36400
[2024-06-28T10:16:06.224+0000] {taskinstance.py:2648} INFO - Exporting env vars: AIRFLOW_CTX_DAG_OWNER='***' AIRFLOW_CTX_DAG_ID='demo_dag_for_alerting_apis_final' AIRFLOW_CTX_TASK_ID='skipped_due_to_data_unavailability' AIRFLOW_CTX_EXECUTION_DATE='2024-06-28T10:15:00+00:00' AIRFLOW_CTX_TRY_NUMBER='1' AIRFLOW_CTX_DAG_RUN_ID='scheduled__2024-06-28T10:15:00+00:00'
[2024-06-28T10:16:06.225+0000] {taskinstance.py:430} INFO - ::endgroup::
[2024-06-28T10:16:06.240+0000] {helper_functions.py:69} ERROR - Failed to decrypt data from /opt/***/dags/***_api_configuration.py: 
[2024-06-28T10:16:06.241+0000] {helper_functions.py:70} ERROR - Traceback (most recent call last):
  File "/home/***/.local/lib/python3.12/site-packages/cryptography/fernet.py", line 117, in _get_unverified_token_data
    data = base64.urlsafe_b64decode(token)
           ^^^^^^^^^^^^^^^^^^^^^^^^^^^^^^^
  File "/usr/local/lib/python3.12/base64.py", line 134, in urlsafe_b64decode
    return b64decode(s)
           ^^^^^^^^^^^^
  File "/usr/local/lib/python3.12/base64.py", line 88, in b64decode
    return binascii.a2b_base64(s, strict_mode=validate)
           ^^^^^^^^^^^^^^^^^^^^^^^^^^^^^^^^^^^^^^^^^^^^
binascii.Error: Incorrect padding

During handling of the above exception, another exception occurred:

Traceback (most recent call last):
  File "/opt/***/dags/helper_functions.py", line 66, in decrypt_data
    decrypted_data = self.fernet.decrypt(encrypted_data)
                     ^^^^^^^^^^^^^^^^^^^^^^^^^^^^^^^^^^^
  File "/home/***/.local/lib/python3.12/site-packages/cryptography/fernet.py", line 86, in decrypt
    timestamp, data = Fernet._get_unverified_token_data(token)
                      ^^^^^^^^^^^^^^^^^^^^^^^^^^^^^^^^^^^^^^^^
  File "/home/***/.local/lib/python3.12/site-packages/cryptography/fernet.py", line 119, in _get_unverified_token_data
    raise InvalidToken
cryptography.fernet.InvalidToken

[2024-06-28T10:16:06.242+0000] {helper_functions.py:97} ERROR - Failed to get base URL: Decryption of Airflow API config failed
[2024-06-28T10:16:06.242+0000] {helper_functions.py:98} ERROR - Traceback (most recent call last):
  File "/opt/***/dags/helper_functions.py", line 93, in get_base_url
    raise ValueError("Decryption of Airflow API config failed")
ValueError: Decryption of Airflow API config failed

[2024-06-28T10:16:06.243+0000] {taskinstance.py:441} INFO - ::group::Post task execution logs
[2024-06-28T10:16:06.243+0000] {taskinstance.py:2905} ERROR - Task failed with exception
Traceback (most recent call last):
  File "/home/airflow/.local/lib/python3.12/site-packages/airflow/models/taskinstance.py", line 465, in _execute_task
    result = _execute_callable(context=context, **execute_callable_kwargs)
             ^^^^^^^^^^^^^^^^^^^^^^^^^^^^^^^^^^^^^^^^^^^^^^^^^^^^^^^^^^^^^
  File "/home/airflow/.local/lib/python3.12/site-packages/airflow/models/taskinstance.py", line 432, in _execute_callable
    return execute_callable(context=context, **execute_callable_kwargs)
           ^^^^^^^^^^^^^^^^^^^^^^^^^^^^^^^^^^^^^^^^^^^^^^^^^^^^^^^^^^^^
  File "/home/airflow/.local/lib/python3.12/site-packages/airflow/models/baseoperator.py", line 400, in wrapper
    return func(self, *args, **kwargs)
           ^^^^^^^^^^^^^^^^^^^^^^^^^^^
  File "/home/airflow/.local/lib/python3.12/site-packages/airflow/operators/python.py", line 235, in execute
    return_value = self.execute_callable()
                   ^^^^^^^^^^^^^^^^^^^^^^^
  File "/home/airflow/.local/lib/python3.12/site-packages/airflow/operators/python.py", line 252, in execute_callable
    return self.python_callable(*self.op_args, **self.op_kwargs)
           ^^^^^^^^^^^^^^^^^^^^^^^^^^^^^^^^^^^^^^^^^^^^^^^^^^^^^
  File "/opt/airflow/dags/helper_functions.py", line 237, in alert_notif_skipped_api
    get_latest_limit_dagRuns_api = f"{base_url}/{dag_id}/dagRuns?limit={airflow_api_config['limit']}&order_by=-start_date"
                                                                        ~~~~~~~~~~~~~~~~~~^^^^^^^^^
TypeError: 'NoneType' object is not subscriptable
[2024-06-28T10:16:06.252+0000] {taskinstance.py:1206} INFO - Marking task as UP_FOR_RETRY. dag_id=demo_dag_for_alerting_apis_final, task_id=skipped_due_to_data_unavailability, run_id=scheduled__2024-06-28T10:15:00+00:00, execution_date=20240628T101500, start_date=20240628T101606, end_date=20240628T101606
[2024-06-28T10:16:06.267+0000] {standard_task_runner.py:110} ERROR - Failed to execute job 4979 for task skipped_due_to_data_unavailability ('NoneType' object is not subscriptable; 248)
[2024-06-28T10:16:06.283+0000] {local_task_job_runner.py:240} INFO - Task exited with return code 1
[2024-06-28T10:16:06.303+0000] {taskinstance.py:3498} INFO - 0 downstream tasks scheduled from follow-on schedule check
[2024-06-28T10:16:06.304+0000] {local_task_job_runner.py:222} INFO - ::endgroup::
